Archive member included because of file (symbol)

/usr/local/CrossPack-AVR-20131216/lib/gcc/avr/4.8.1/avr35/libgcc.a(_mulhi3.o)
                              ../../lufa-LUFA-151115/LUFA/Drivers/USB/Class/Common/HIDParser.o (__mulhi3)
/usr/local/CrossPack-AVR-20131216/lib/gcc/avr/4.8.1/avr35/libgcc.a(_exit.o)
                              /usr/local/CrossPack-AVR-20131216/lib/gcc/avr/4.8.1/../../../../avr/lib/avr35/crtm16u2.o (exit)
/usr/local/CrossPack-AVR-20131216/lib/gcc/avr/4.8.1/avr35/libgcc.a(_copy_data.o)
                              arduino_midi.o (__do_copy_data)
/usr/local/CrossPack-AVR-20131216/lib/gcc/avr/4.8.1/avr35/libgcc.a(_clear_bss.o)
                              arduino_midi.o (__do_clear_bss)
/usr/local/CrossPack-AVR-20131216/lib/gcc/avr/4.8.1/../../../../avr/lib/avr35/libc.a(eerd_byte_atmega16u2.o)
                              ../../lufa-LUFA-151115/LUFA/Drivers/USB/Core/AVR8/EndpointStream_AVR8.o (__eerd_byte_m16u2)
/usr/local/CrossPack-AVR-20131216/lib/gcc/avr/4.8.1/../../../../avr/lib/avr35/libc.a(eeupd_byte_atmega16u2.o)
                              ../../lufa-LUFA-151115/LUFA/Drivers/USB/Core/AVR8/EndpointStream_AVR8.o (__eeupd_byte_m16u2)

Allocating common symbols
Common symbol       size              file

USB_IsInitialized   0x1               ../../lufa-LUFA-151115/LUFA/Drivers/USB/Core/USBTask.o
mCompleteMessage    0x4               arduino_midi.o
mPendingMessageValid
                    0x1               arduino_midi.o
USB_DeviceState     0x1               ../../lufa-LUFA-151115/LUFA/Drivers/USB/Core/USBTask.o
USB_Device_ConfigurationNumber
                    0x1               ../../lufa-LUFA-151115/LUFA/Drivers/USB/Core/DeviceStandardReq.o
mPendingMessageExpectedLength
                    0x1               arduino_midi.o
mRunningStatus_RX   0x1               arduino_midi.o
USB_Device_CurrentlySelfPowered
                    0x1               ../../lufa-LUFA-151115/LUFA/Drivers/USB/Core/DeviceStandardReq.o
mPendingMessageIndex
                    0x1               arduino_midi.o
USB_ControlRequest  0x8               ../../lufa-LUFA-151115/LUFA/Drivers/USB/Core/USBTask.o
mRunningStatus_TX   0x1               arduino_midi.o
USB_Device_RemoteWakeupEnabled
                    0x1               ../../lufa-LUFA-151115/LUFA/Drivers/USB/Core/DeviceStandardReq.o
mPendingMessage     0x3               arduino_midi.o

Discarded input sections

 .bss           0x00000000        0x0 /usr/local/CrossPack-AVR-20131216/lib/gcc/avr/4.8.1/../../../../avr/lib/avr35/crtm16u2.o
 .text          0x00000000        0x0 arduino_midi.o
 .text.getStatus
                0x00000000        0x8 arduino_midi.o
 .text.getChannelFromStatusByte
                0x00000000        0x6 arduino_midi.o
 .rodata        0x00000000        0x2 arduino_midi.o
 .text          0x00000000        0x0 Descriptors.o
 .bss           0x00000000        0x0 Descriptors.o
 .text          0x00000000        0x0 ../../lufa-LUFA-151115/LUFA/Drivers/USB/Class/Common/HIDParser.o
 .bss           0x00000000        0x0 ../../lufa-LUFA-151115/LUFA/Drivers/USB/Class/Common/HIDParser.o
 .text.USB_ProcessHIDReport
                0x00000000      0x736 ../../lufa-LUFA-151115/LUFA/Drivers/USB/Class/Common/HIDParser.o
 .text.USB_GetHIDReportItemInfo
                0x00000000       0xbc ../../lufa-LUFA-151115/LUFA/Drivers/USB/Class/Common/HIDParser.o
 .text.USB_SetHIDReportItemInfo
                0x00000000       0xec ../../lufa-LUFA-151115/LUFA/Drivers/USB/Class/Common/HIDParser.o
 .text.USB_GetHIDReportSize
                0x00000000       0x62 ../../lufa-LUFA-151115/LUFA/Drivers/USB/Class/Common/HIDParser.o
 .text          0x00000000        0x0 ../../lufa-LUFA-151115/LUFA/Drivers/USB/Core/AVR8/Device_AVR8.o
 .bss           0x00000000        0x0 ../../lufa-LUFA-151115/LUFA/Drivers/USB/Core/AVR8/Device_AVR8.o
 .text.USB_Device_SendRemoteWakeup
                0x00000000       0x2c ../../lufa-LUFA-151115/LUFA/Drivers/USB/Core/AVR8/Device_AVR8.o
 .text          0x00000000        0x0 ../../lufa-LUFA-151115/LUFA/Drivers/USB/Core/AVR8/EndpointStream_AVR8.o
 .bss           0x00000000        0x0 ../../lufa-LUFA-151115/LUFA/Drivers/USB/Core/AVR8/EndpointStream_AVR8.o
 .text.Endpoint_Discard_Stream
                0x00000000       0x7e ../../lufa-LUFA-151115/LUFA/Drivers/USB/Core/AVR8/EndpointStream_AVR8.o
 .text.Endpoint_Null_Stream
                0x00000000       0x7e ../../lufa-LUFA-151115/LUFA/Drivers/USB/Core/AVR8/EndpointStream_AVR8.o
 .text.Endpoint_Write_Stream_BE
                0x00000000       0xa4 ../../lufa-LUFA-151115/LUFA/Drivers/USB/Core/AVR8/EndpointStream_AVR8.o
 .text.Endpoint_Read_Stream_BE
                0x00000000       0xa4 ../../lufa-LUFA-151115/LUFA/Drivers/USB/Core/AVR8/EndpointStream_AVR8.o
 .text.Endpoint_Write_PStream_LE
                0x00000000       0x9a ../../lufa-LUFA-151115/LUFA/Drivers/USB/Core/AVR8/EndpointStream_AVR8.o
 .text.Endpoint_Write_PStream_BE
                0x00000000       0xa6 ../../lufa-LUFA-151115/LUFA/Drivers/USB/Core/AVR8/EndpointStream_AVR8.o
 .text.Endpoint_Write_EStream_LE
                0x00000000       0x9c ../../lufa-LUFA-151115/LUFA/Drivers/USB/Core/AVR8/EndpointStream_AVR8.o
 .text.Endpoint_Write_EStream_BE
                0x00000000       0xa8 ../../lufa-LUFA-151115/LUFA/Drivers/USB/Core/AVR8/EndpointStream_AVR8.o
 .text.Endpoint_Read_EStream_LE
                0x00000000       0xa0 ../../lufa-LUFA-151115/LUFA/Drivers/USB/Core/AVR8/EndpointStream_AVR8.o
 .text.Endpoint_Read_EStream_BE
                0x00000000       0xa8 ../../lufa-LUFA-151115/LUFA/Drivers/USB/Core/AVR8/EndpointStream_AVR8.o
 .text.Endpoint_Write_Control_Stream_BE
                0x00000000       0xd0 ../../lufa-LUFA-151115/LUFA/Drivers/USB/Core/AVR8/EndpointStream_AVR8.o
 .text.Endpoint_Read_Control_Stream_LE
                0x00000000       0x78 ../../lufa-LUFA-151115/LUFA/Drivers/USB/Core/AVR8/EndpointStream_AVR8.o
 .text.Endpoint_Read_Control_Stream_BE
                0x00000000       0x7c ../../lufa-LUFA-151115/LUFA/Drivers/USB/Core/AVR8/EndpointStream_AVR8.o
 .text.Endpoint_Write_Control_PStream_BE
                0x00000000       0xda ../../lufa-LUFA-151115/LUFA/Drivers/USB/Core/AVR8/EndpointStream_AVR8.o
 .text.Endpoint_Write_Control_EStream_LE
                0x00000000       0xe6 ../../lufa-LUFA-151115/LUFA/Drivers/USB/Core/AVR8/EndpointStream_AVR8.o
 .text.Endpoint_Write_Control_EStream_BE
                0x00000000      0x106 ../../lufa-LUFA-151115/LUFA/Drivers/USB/Core/AVR8/EndpointStream_AVR8.o
 .text.Endpoint_Read_Control_EStream_LE
                0x00000000       0x90 ../../lufa-LUFA-151115/LUFA/Drivers/USB/Core/AVR8/EndpointStream_AVR8.o
 .text.Endpoint_Read_Control_EStream_BE
                0x00000000       0x8e ../../lufa-LUFA-151115/LUFA/Drivers/USB/Core/AVR8/EndpointStream_AVR8.o
 .text          0x00000000        0x0 ../../lufa-LUFA-151115/LUFA/Drivers/USB/Core/AVR8/Endpoint_AVR8.o
 .bss           0x00000000        0x0 ../../lufa-LUFA-151115/LUFA/Drivers/USB/Core/AVR8/Endpoint_AVR8.o
 .text.Endpoint_ConfigureEndpointTable
                0x00000000       0x7a ../../lufa-LUFA-151115/LUFA/Drivers/USB/Core/AVR8/Endpoint_AVR8.o
 .text.Endpoint_ClearEndpoints
                0x00000000       0x28 ../../lufa-LUFA-151115/LUFA/Drivers/USB/Core/AVR8/Endpoint_AVR8.o
 .text          0x00000000        0x0 ../../lufa-LUFA-151115/LUFA/Drivers/USB/Core/AVR8/Host_AVR8.o
 .bss           0x00000000        0x0 ../../lufa-LUFA-151115/LUFA/Drivers/USB/Core/AVR8/Host_AVR8.o
 .text          0x00000000        0x0 ../../lufa-LUFA-151115/LUFA/Drivers/USB/Core/AVR8/PipeStream_AVR8.o
 .bss           0x00000000        0x0 ../../lufa-LUFA-151115/LUFA/Drivers/USB/Core/AVR8/PipeStream_AVR8.o
 .text          0x00000000        0x0 ../../lufa-LUFA-151115/LUFA/Drivers/USB/Core/AVR8/Pipe_AVR8.o
 .bss           0x00000000        0x0 ../../lufa-LUFA-151115/LUFA/Drivers/USB/Core/AVR8/Pipe_AVR8.o
 .text          0x00000000        0x0 ../../lufa-LUFA-151115/LUFA/Drivers/USB/Core/AVR8/USBController_AVR8.o
 .bss           0x00000000        0x0 ../../lufa-LUFA-151115/LUFA/Drivers/USB/Core/AVR8/USBController_AVR8.o
 .text.USB_Disable
                0x00000000       0x2e ../../lufa-LUFA-151115/LUFA/Drivers/USB/Core/AVR8/USBController_AVR8.o
 .text          0x00000000        0x0 ../../lufa-LUFA-151115/LUFA/Drivers/USB/Core/AVR8/USBInterrupt_AVR8.o
 .bss           0x00000000        0x0 ../../lufa-LUFA-151115/LUFA/Drivers/USB/Core/AVR8/USBInterrupt_AVR8.o
 .text          0x00000000        0x0 ../../lufa-LUFA-151115/LUFA/Drivers/USB/Core/ConfigDescriptors.o
 .bss           0x00000000        0x0 ../../lufa-LUFA-151115/LUFA/Drivers/USB/Core/ConfigDescriptors.o
 .text.USB_GetNextDescriptor
                0x00000000       0x38 ../../lufa-LUFA-151115/LUFA/Drivers/USB/Core/ConfigDescriptors.o
 .text.USB_GetNextDescriptorOfType
                0x00000000       0x48 ../../lufa-LUFA-151115/LUFA/Drivers/USB/Core/ConfigDescriptors.o
 .text.USB_GetNextDescriptorOfTypeBefore
                0x00000000       0x58 ../../lufa-LUFA-151115/LUFA/Drivers/USB/Core/ConfigDescriptors.o
 .text.USB_GetNextDescriptorOfTypeAfter
                0x00000000       0x3e ../../lufa-LUFA-151115/LUFA/Drivers/USB/Core/ConfigDescriptors.o
 .text.USB_GetNextDescriptorComp
                0x00000000       0x66 ../../lufa-LUFA-151115/LUFA/Drivers/USB/Core/ConfigDescriptors.o
 .text          0x00000000        0x0 ../../lufa-LUFA-151115/LUFA/Drivers/USB/Core/DeviceStandardReq.o
 .bss           0x00000000        0x0 ../../lufa-LUFA-151115/LUFA/Drivers/USB/Core/DeviceStandardReq.o
 .text          0x00000000        0x0 ../../lufa-LUFA-151115/LUFA/Drivers/USB/Core/Events.o
 .bss           0x00000000        0x0 ../../lufa-LUFA-151115/LUFA/Drivers/USB/Core/Events.o
 .text          0x00000000        0x0 ../../lufa-LUFA-151115/LUFA/Drivers/USB/Core/HostStandardReq.o
 .bss           0x00000000        0x0 ../../lufa-LUFA-151115/LUFA/Drivers/USB/Core/HostStandardReq.o
 .text          0x00000000        0x0 ../../lufa-LUFA-151115/LUFA/Drivers/USB/Core/USBTask.o
 .bss           0x00000000        0x0 ../../lufa-LUFA-151115/LUFA/Drivers/USB/Core/USBTask.o
 .text          0x00000000        0x0 /usr/local/CrossPack-AVR-20131216/lib/gcc/avr/4.8.1/avr35/libgcc.a(_mulhi3.o)
 .bss           0x00000000        0x0 /usr/local/CrossPack-AVR-20131216/lib/gcc/avr/4.8.1/avr35/libgcc.a(_mulhi3.o)
 .text.libgcc.mul
                0x00000000       0x22 /usr/local/CrossPack-AVR-20131216/lib/gcc/avr/4.8.1/avr35/libgcc.a(_mulhi3.o)
 .text.libgcc.div
                0x00000000        0x0 /usr/local/CrossPack-AVR-20131216/lib/gcc/avr/4.8.1/avr35/libgcc.a(_mulhi3.o)
 .text.libgcc   0x00000000        0x0 /usr/local/CrossPack-AVR-20131216/lib/gcc/avr/4.8.1/avr35/libgcc.a(_mulhi3.o)
 .text.libgcc.prologue
                0x00000000        0x0 /usr/local/CrossPack-AVR-20131216/lib/gcc/avr/4.8.1/avr35/libgcc.a(_mulhi3.o)
 .text.libgcc.builtins
                0x00000000        0x0 /usr/local/CrossPack-AVR-20131216/lib/gcc/avr/4.8.1/avr35/libgcc.a(_mulhi3.o)
 .text.libgcc.fmul
                0x00000000        0x0 /usr/local/CrossPack-AVR-20131216/lib/gcc/avr/4.8.1/avr35/libgcc.a(_mulhi3.o)
 .text.libgcc.fixed
                0x00000000        0x0 /usr/local/CrossPack-AVR-20131216/lib/gcc/avr/4.8.1/avr35/libgcc.a(_mulhi3.o)
 .text          0x00000000        0x0 /usr/local/CrossPack-AVR-20131216/lib/gcc/avr/4.8.1/avr35/libgcc.a(_exit.o)
 .bss           0x00000000        0x0 /usr/local/CrossPack-AVR-20131216/lib/gcc/avr/4.8.1/avr35/libgcc.a(_exit.o)
 .text.libgcc.mul
                0x00000000        0x0 /usr/local/CrossPack-AVR-20131216/lib/gcc/avr/4.8.1/avr35/libgcc.a(_exit.o)
 .text.libgcc.div
                0x00000000        0x0 /usr/local/CrossPack-AVR-20131216/lib/gcc/avr/4.8.1/avr35/libgcc.a(_exit.o)
 .text.libgcc   0x00000000        0x0 /usr/local/CrossPack-AVR-20131216/lib/gcc/avr/4.8.1/avr35/libgcc.a(_exit.o)
 .text.libgcc.prologue
                0x00000000        0x0 /usr/local/CrossPack-AVR-20131216/lib/gcc/avr/4.8.1/avr35/libgcc.a(_exit.o)
 .text.libgcc.builtins
                0x00000000        0x0 /usr/local/CrossPack-AVR-20131216/lib/gcc/avr/4.8.1/avr35/libgcc.a(_exit.o)
 .text.libgcc.fmul
                0x00000000        0x0 /usr/local/CrossPack-AVR-20131216/lib/gcc/avr/4.8.1/avr35/libgcc.a(_exit.o)
 .text.libgcc.fixed
                0x00000000        0x0 /usr/local/CrossPack-AVR-20131216/lib/gcc/avr/4.8.1/avr35/libgcc.a(_exit.o)
 .text          0x00000000        0x0 /usr/local/CrossPack-AVR-20131216/lib/gcc/avr/4.8.1/avr35/libgcc.a(_copy_data.o)
 .bss           0x00000000        0x0 /usr/local/CrossPack-AVR-20131216/lib/gcc/avr/4.8.1/avr35/libgcc.a(_copy_data.o)
 .text.libgcc.mul
                0x00000000        0x0 /usr/local/CrossPack-AVR-20131216/lib/gcc/avr/4.8.1/avr35/libgcc.a(_copy_data.o)
 .text.libgcc.div
                0x00000000        0x0 /usr/local/CrossPack-AVR-20131216/lib/gcc/avr/4.8.1/avr35/libgcc.a(_copy_data.o)
 .text.libgcc   0x00000000        0x0 /usr/local/CrossPack-AVR-20131216/lib/gcc/avr/4.8.1/avr35/libgcc.a(_copy_data.o)
 .text.libgcc.prologue
                0x00000000        0x0 /usr/local/CrossPack-AVR-20131216/lib/gcc/avr/4.8.1/avr35/libgcc.a(_copy_data.o)
 .text.libgcc.builtins
                0x00000000        0x0 /usr/local/CrossPack-AVR-20131216/lib/gcc/avr/4.8.1/avr35/libgcc.a(_copy_data.o)
 .text.libgcc.fmul
                0x00000000        0x0 /usr/local/CrossPack-AVR-20131216/lib/gcc/avr/4.8.1/avr35/libgcc.a(_copy_data.o)
 .text.libgcc.fixed
                0x00000000        0x0 /usr/local/CrossPack-AVR-20131216/lib/gcc/avr/4.8.1/avr35/libgcc.a(_copy_data.o)
 .text          0x00000000        0x0 /usr/local/CrossPack-AVR-20131216/lib/gcc/avr/4.8.1/avr35/libgcc.a(_clear_bss.o)
 .bss           0x00000000        0x0 /usr/local/CrossPack-AVR-20131216/lib/gcc/avr/4.8.1/avr35/libgcc.a(_clear_bss.o)
 .text.libgcc.mul
                0x00000000        0x0 /usr/local/CrossPack-AVR-20131216/lib/gcc/avr/4.8.1/avr35/libgcc.a(_clear_bss.o)
 .text.libgcc.div
                0x00000000        0x0 /usr/local/CrossPack-AVR-20131216/lib/gcc/avr/4.8.1/avr35/libgcc.a(_clear_bss.o)
 .text.libgcc   0x00000000        0x0 /usr/local/CrossPack-AVR-20131216/lib/gcc/avr/4.8.1/avr35/libgcc.a(_clear_bss.o)
 .text.libgcc.prologue
                0x00000000        0x0 /usr/local/CrossPack-AVR-20131216/lib/gcc/avr/4.8.1/avr35/libgcc.a(_clear_bss.o)
 .text.libgcc.builtins
                0x00000000        0x0 /usr/local/CrossPack-AVR-20131216/lib/gcc/avr/4.8.1/avr35/libgcc.a(_clear_bss.o)
 .text.libgcc.fmul
                0x00000000        0x0 /usr/local/CrossPack-AVR-20131216/lib/gcc/avr/4.8.1/avr35/libgcc.a(_clear_bss.o)
 .text.libgcc.fixed
                0x00000000        0x0 /usr/local/CrossPack-AVR-20131216/lib/gcc/avr/4.8.1/avr35/libgcc.a(_clear_bss.o)
 .text          0x00000000        0x0 /usr/local/CrossPack-AVR-20131216/lib/gcc/avr/4.8.1/../../../../avr/lib/avr35/libc.a(eerd_byte_atmega16u2.o)
 .bss           0x00000000        0x0 /usr/local/CrossPack-AVR-20131216/lib/gcc/avr/4.8.1/../../../../avr/lib/avr35/libc.a(eerd_byte_atmega16u2.o)
 .text.avr-libc
                0x00000000       0x10 /usr/local/CrossPack-AVR-20131216/lib/gcc/avr/4.8.1/../../../../avr/lib/avr35/libc.a(eerd_byte_atmega16u2.o)
 .text          0x00000000        0x0 /usr/local/CrossPack-AVR-20131216/lib/gcc/avr/4.8.1/../../../../avr/lib/avr35/libc.a(eeupd_byte_atmega16u2.o)
 .bss           0x00000000        0x0 /usr/local/CrossPack-AVR-20131216/lib/gcc/avr/4.8.1/../../../../avr/lib/avr35/libc.a(eeupd_byte_atmega16u2.o)
 .text.avr-libc
                0x00000000       0x24 /usr/local/CrossPack-AVR-20131216/lib/gcc/avr/4.8.1/../../../../avr/lib/avr35/libc.a(eeupd_byte_atmega16u2.o)

Memory Configuration

Name             Origin             Length             Attributes
text             0x00000000         0x00010000         xr
data             0x00800060         0x0000ffa0         rw !x
eeprom           0x00810000         0x00010000         rw !x
fuse             0x00820000         0x00000400         rw !x
lock             0x00830000         0x00000400         rw !x
signature        0x00840000         0x00000400         rw !x
user_signatures  0x00850000         0x00000400         rw !x
*default*        0x00000000         0xffffffff

Linker script and memory map

Address of section .data set to 0x800100
LOAD /usr/local/CrossPack-AVR-20131216/lib/gcc/avr/4.8.1/../../../../avr/lib/avr35/crtm16u2.o
LOAD arduino_midi.o
LOAD Descriptors.o
LOAD ../../lufa-LUFA-151115/LUFA/Drivers/USB/Class/Common/HIDParser.o
LOAD ../../lufa-LUFA-151115/LUFA/Drivers/USB/Core/AVR8/Device_AVR8.o
LOAD ../../lufa-LUFA-151115/LUFA/Drivers/USB/Core/AVR8/EndpointStream_AVR8.o
LOAD ../../lufa-LUFA-151115/LUFA/Drivers/USB/Core/AVR8/Endpoint_AVR8.o
LOAD ../../lufa-LUFA-151115/LUFA/Drivers/USB/Core/AVR8/Host_AVR8.o
LOAD ../../lufa-LUFA-151115/LUFA/Drivers/USB/Core/AVR8/PipeStream_AVR8.o
LOAD ../../lufa-LUFA-151115/LUFA/Drivers/USB/Core/AVR8/Pipe_AVR8.o
LOAD ../../lufa-LUFA-151115/LUFA/Drivers/USB/Core/AVR8/USBController_AVR8.o
LOAD ../../lufa-LUFA-151115/LUFA/Drivers/USB/Core/AVR8/USBInterrupt_AVR8.o
LOAD ../../lufa-LUFA-151115/LUFA/Drivers/USB/Core/ConfigDescriptors.o
LOAD ../../lufa-LUFA-151115/LUFA/Drivers/USB/Core/DeviceStandardReq.o
LOAD ../../lufa-LUFA-151115/LUFA/Drivers/USB/Core/Events.o
LOAD ../../lufa-LUFA-151115/LUFA/Drivers/USB/Core/HostStandardReq.o
LOAD ../../lufa-LUFA-151115/LUFA/Drivers/USB/Core/USBTask.o
LOAD /usr/local/CrossPack-AVR-20131216/lib/gcc/avr/4.8.1/../../../../avr/lib/avr35/libm.a
START GROUP
LOAD /usr/local/CrossPack-AVR-20131216/lib/gcc/avr/4.8.1/avr35/libgcc.a
LOAD /usr/local/CrossPack-AVR-20131216/lib/gcc/avr/4.8.1/../../../../avr/lib/avr35/libm.a
LOAD /usr/local/CrossPack-AVR-20131216/lib/gcc/avr/4.8.1/../../../../avr/lib/avr35/libc.a
END GROUP

.hash
 *(.hash)

.dynsym
 *(.dynsym)

.dynstr
 *(.dynstr)

.gnu.version
 *(.gnu.version)

.gnu.version_d
 *(.gnu.version_d)

.gnu.version_r
 *(.gnu.version_r)

.rel.init
 *(.rel.init)

.rela.init
 *(.rela.init)

.rel.text
 *(.rel.text)
 *(.rel.text.*)
 *(.rel.gnu.linkonce.t*)

.rela.text
 *(.rela.text)
 *(.rela.text.*)
 *(.rela.gnu.linkonce.t*)

.rel.fini
 *(.rel.fini)

.rela.fini
 *(.rela.fini)

.rel.rodata
 *(.rel.rodata)
 *(.rel.rodata.*)
 *(.rel.gnu.linkonce.r*)

.rela.rodata
 *(.rela.rodata)
 *(.rela.rodata.*)
 *(.rela.gnu.linkonce.r*)

.rel.data
 *(.rel.data)
 *(.rel.data.*)
 *(.rel.gnu.linkonce.d*)

.rela.data
 *(.rela.data)
 *(.rela.data.*)
 *(.rela.gnu.linkonce.d*)

.rel.ctors
 *(.rel.ctors)

.rela.ctors
 *(.rela.ctors)

.rel.dtors
 *(.rel.dtors)

.rela.dtors
 *(.rela.dtors)

.rel.got
 *(.rel.got)

.rela.got
 *(.rela.got)

.rel.bss
 *(.rel.bss)

.rela.bss
 *(.rela.bss)

.rel.plt
 *(.rel.plt)

.rela.plt
 *(.rela.plt)

.text           0x00000000      0xe5e
 *(.vectors)
 .vectors       0x00000000       0x74 /usr/local/CrossPack-AVR-20131216/lib/gcc/avr/4.8.1/../../../../avr/lib/avr35/crtm16u2.o
                0x00000000                __vectors
                0x00000000                __vector_default
 *(.vectors)
 *(.progmem.gcc*)
                0x00000074                . = ALIGN (0x2)
                0x00000074                __trampolines_start = .
 *(.trampolines)
 .trampolines   0x00000074        0x0 linker stubs
 *(.trampolines*)
                0x00000074                __trampolines_end = .
 *(.progmem*)
 .progmem.data  0x00000074       0xb9 Descriptors.o
                0x00000074                ProductString
                0x00000090                ManufacturerString
                0x000000b2                LanguageString
                0x000000b6                ConfigurationDescriptor
                0x0000011b                DeviceDescriptor
                0x0000012e                . = ALIGN (0x2)
 *fill*         0x0000012d        0x1 
 *(.jumptables)
 *(.jumptables*)
 *(.lowtext)
 *(.lowtext*)
                0x0000012e                __ctors_start = .
 *(.ctors)
                0x0000012e                __ctors_end = .
                0x0000012e                __dtors_start = .
 *(.dtors)
                0x0000012e                __dtors_end = .
 SORT(*)(.ctors)
 SORT(*)(.dtors)
 *(.init0)
 .init0         0x0000012e        0x0 /usr/local/CrossPack-AVR-20131216/lib/gcc/avr/4.8.1/../../../../avr/lib/avr35/crtm16u2.o
                0x0000012e                __init
 *(.init0)
 *(.init1)
 *(.init1)
 *(.init2)
 .init2         0x0000012e        0xc /usr/local/CrossPack-AVR-20131216/lib/gcc/avr/4.8.1/../../../../avr/lib/avr35/crtm16u2.o
 *(.init2)
 *(.init3)
 *(.init3)
 *(.init4)
 .init4         0x0000013a       0x16 /usr/local/CrossPack-AVR-20131216/lib/gcc/avr/4.8.1/avr35/libgcc.a(_copy_data.o)
                0x0000013a                __do_copy_data
 .init4         0x00000150       0x10 /usr/local/CrossPack-AVR-20131216/lib/gcc/avr/4.8.1/avr35/libgcc.a(_clear_bss.o)
                0x00000150                __do_clear_bss
 *(.init4)
 *(.init5)
 *(.init5)
 *(.init6)
 *(.init6)
 *(.init7)
 *(.init7)
 *(.init8)
 *(.init8)
 *(.init9)
 .init9         0x00000160        0x4 /usr/local/CrossPack-AVR-20131216/lib/gcc/avr/4.8.1/../../../../avr/lib/avr35/crtm16u2.o
 *(.init9)
 *(.text)
 .text          0x00000164        0x2 /usr/local/CrossPack-AVR-20131216/lib/gcc/avr/4.8.1/../../../../avr/lib/avr35/crtm16u2.o
                0x00000164                __vector_20
                0x00000164                __vector_28
                0x00000164                __vector_1
                0x00000164                __vector_24
                0x00000164                __vector_12
                0x00000164                __bad_interrupt
                0x00000164                __vector_6
                0x00000164                __vector_3
                0x00000164                __vector_25
                0x00000164                __vector_13
                0x00000164                __vector_17
                0x00000164                __vector_19
                0x00000164                __vector_7
                0x00000164                __vector_27
                0x00000164                __vector_5
                0x00000164                __vector_4
                0x00000164                __vector_9
                0x00000164                __vector_2
                0x00000164                __vector_21
                0x00000164                __vector_15
                0x00000164                __vector_8
                0x00000164                __vector_26
                0x00000164                __vector_14
                0x00000164                __vector_10
                0x00000164                __vector_16
                0x00000164                __vector_18
                0x00000164                __vector_22
                0x00000166                . = ALIGN (0x2)
 *(.text.*)
 .text.SetupHardware
                0x00000166       0x66 arduino_midi.o
                0x00000166                SetupHardware
 .text.EVENT_USB_Device_Connect
                0x000001cc        0xa arduino_midi.o
                0x000001cc                EVENT_USB_Device_Connect
 .text.EVENT_USB_Device_Disconnect
                0x000001d6        0xa arduino_midi.o
                0x000001d6                EVENT_USB_Device_Disconnect
 .text.EVENT_USB_Device_ConfigurationChanged
                0x000001e0       0x30 arduino_midi.o
                0x000001e0                EVENT_USB_Device_ConfigurationChanged
 .text.MIDI_To_Host
                0x00000210       0x5a arduino_midi.o
                0x00000210                MIDI_To_Host
 .text.MIDI_To_Arduino
                0x0000026a       0x88 arduino_midi.o
                0x0000026a                MIDI_To_Arduino
 .text.startup.main
                0x000002f2       0x42 arduino_midi.o
                0x000002f2                main
 .text.getTypeFromStatusByte
                0x00000334       0x20 arduino_midi.o
                0x00000334                getTypeFromStatusByte
 .text.isChannelMessage
                0x00000354       0x20 arduino_midi.o
                0x00000354                isChannelMessage
 .text.__vector_23
                0x00000374      0x214 arduino_midi.o
                0x00000374                __vector_23
 .text.CALLBACK_USB_GetDescriptor
                0x00000588       0x64 Descriptors.o
                0x00000588                CALLBACK_USB_GetDescriptor
 .text.Endpoint_Write_Stream_LE
                0x000005ec       0x90 ../../lufa-LUFA-151115/LUFA/Drivers/USB/Core/AVR8/EndpointStream_AVR8.o
                0x000005ec                Endpoint_Write_Stream_LE
 .text.Endpoint_Read_Stream_LE
                0x0000067c       0x90 ../../lufa-LUFA-151115/LUFA/Drivers/USB/Core/AVR8/EndpointStream_AVR8.o
                0x0000067c                Endpoint_Read_Stream_LE
 .text.Endpoint_Write_Control_Stream_LE
                0x0000070c       0xc6 ../../lufa-LUFA-151115/LUFA/Drivers/USB/Core/AVR8/EndpointStream_AVR8.o
                0x0000070c                Endpoint_Write_Control_Stream_LE
 .text.Endpoint_Write_Control_PStream_LE
                0x000007d2       0xc8 ../../lufa-LUFA-151115/LUFA/Drivers/USB/Core/AVR8/EndpointStream_AVR8.o
                0x000007d2                Endpoint_Write_Control_PStream_LE
 .text.Endpoint_ConfigureEndpoint_Prv
                0x0000089a       0x6a ../../lufa-LUFA-151115/LUFA/Drivers/USB/Core/AVR8/Endpoint_AVR8.o
                0x0000089a                Endpoint_ConfigureEndpoint_Prv
 .text.Endpoint_ClearStatusStage
                0x00000904       0x42 ../../lufa-LUFA-151115/LUFA/Drivers/USB/Core/AVR8/Endpoint_AVR8.o
                0x00000904                Endpoint_ClearStatusStage
 .text.Endpoint_WaitUntilReady
                0x00000946       0x60 ../../lufa-LUFA-151115/LUFA/Drivers/USB/Core/AVR8/Endpoint_AVR8.o
                0x00000946                Endpoint_WaitUntilReady
 .text.USB_ResetInterface
                0x000009a6       0x72 ../../lufa-LUFA-151115/LUFA/Drivers/USB/Core/AVR8/USBController_AVR8.o
                0x000009a6                USB_ResetInterface
 .text.USB_Init
                0x00000a18       0x12 ../../lufa-LUFA-151115/LUFA/Drivers/USB/Core/AVR8/USBController_AVR8.o
                0x00000a18                USB_Init
 .text.USB_INT_DisableAllInterrupts
                0x00000a2a        0x6 ../../lufa-LUFA-151115/LUFA/Drivers/USB/Core/AVR8/USBInterrupt_AVR8.o
                0x00000a2a                USB_INT_DisableAllInterrupts
 .text.USB_INT_ClearAllInterrupts
                0x00000a30        0x6 ../../lufa-LUFA-151115/LUFA/Drivers/USB/Core/AVR8/USBInterrupt_AVR8.o
                0x00000a30                USB_INT_ClearAllInterrupts
 .text.__vector_11
                0x00000a36      0x148 ../../lufa-LUFA-151115/LUFA/Drivers/USB/Core/AVR8/USBInterrupt_AVR8.o
                0x00000a36                __vector_11
 .text.USB_Device_ProcessControlRequest
                0x00000b7e      0x2a2 ../../lufa-LUFA-151115/LUFA/Drivers/USB/Core/DeviceStandardReq.o
                0x00000b7e                USB_Device_ProcessControlRequest
 .text.USB_Event_Stub
                0x00000e20        0x2 ../../lufa-LUFA-151115/LUFA/Drivers/USB/Core/Events.o
                0x00000e20                EVENT_USB_Device_WakeUp
                0x00000e20                USB_Event_Stub
                0x00000e20                EVENT_USB_Device_Suspend
                0x00000e20                EVENT_USB_Device_StartOfFrame
                0x00000e20                EVENT_USB_Device_Reset
                0x00000e20                EVENT_USB_Device_ControlRequest
 .text.USB_USBTask
                0x00000e22       0x38 ../../lufa-LUFA-151115/LUFA/Drivers/USB/Core/USBTask.o
                0x00000e22                USB_USBTask
                0x00000e5a                . = ALIGN (0x2)
 *(.fini9)
 .fini9         0x00000e5a        0x0 /usr/local/CrossPack-AVR-20131216/lib/gcc/avr/4.8.1/avr35/libgcc.a(_exit.o)
                0x00000e5a                exit
                0x00000e5a                _exit
 *(.fini9)
 *(.fini8)
 *(.fini8)
 *(.fini7)
 *(.fini7)
 *(.fini6)
 *(.fini6)
 *(.fini5)
 *(.fini5)
 *(.fini4)
 *(.fini4)
 *(.fini3)
 *(.fini3)
 *(.fini2)
 *(.fini2)
 *(.fini1)
 *(.fini1)
 *(.fini0)
 .fini0         0x00000e5a        0x4 /usr/local/CrossPack-AVR-20131216/lib/gcc/avr/4.8.1/avr35/libgcc.a(_exit.o)
 *(.fini0)
                0x00000e5e                _etext = .

.data           0x00800100        0x0 load address 0x00000e5e
                0x00800100                PROVIDE (__data_start, .)
 *(.data)
 .data          0x00800100        0x0 /usr/local/CrossPack-AVR-20131216/lib/gcc/avr/4.8.1/../../../../avr/lib/avr35/crtm16u2.o
 .data          0x00800100        0x0 arduino_midi.o
 .data          0x00800100        0x0 Descriptors.o
 .data          0x00800100        0x0 ../../lufa-LUFA-151115/LUFA/Drivers/USB/Class/Common/HIDParser.o
 .data          0x00800100        0x0 ../../lufa-LUFA-151115/LUFA/Drivers/USB/Core/AVR8/Device_AVR8.o
 .data          0x00800100        0x0 ../../lufa-LUFA-151115/LUFA/Drivers/USB/Core/AVR8/EndpointStream_AVR8.o
 .data          0x00800100        0x0 ../../lufa-LUFA-151115/LUFA/Drivers/USB/Core/AVR8/Endpoint_AVR8.o
 .data          0x00800100        0x0 ../../lufa-LUFA-151115/LUFA/Drivers/USB/Core/AVR8/Host_AVR8.o
 .data          0x00800100        0x0 ../../lufa-LUFA-151115/LUFA/Drivers/USB/Core/AVR8/PipeStream_AVR8.o
 .data          0x00800100        0x0 ../../lufa-LUFA-151115/LUFA/Drivers/USB/Core/AVR8/Pipe_AVR8.o
 .data          0x00800100        0x0 ../../lufa-LUFA-151115/LUFA/Drivers/USB/Core/AVR8/USBController_AVR8.o
 .data          0x00800100        0x0 ../../lufa-LUFA-151115/LUFA/Drivers/USB/Core/AVR8/USBInterrupt_AVR8.o
 .data          0x00800100        0x0 ../../lufa-LUFA-151115/LUFA/Drivers/USB/Core/ConfigDescriptors.o
 .data          0x00800100        0x0 ../../lufa-LUFA-151115/LUFA/Drivers/USB/Core/DeviceStandardReq.o
 .data          0x00800100        0x0 ../../lufa-LUFA-151115/LUFA/Drivers/USB/Core/Events.o
 .data          0x00800100        0x0 ../../lufa-LUFA-151115/LUFA/Drivers/USB/Core/HostStandardReq.o
 .data          0x00800100        0x0 ../../lufa-LUFA-151115/LUFA/Drivers/USB/Core/USBTask.o
 .data          0x00800100        0x0 /usr/local/CrossPack-AVR-20131216/lib/gcc/avr/4.8.1/avr35/libgcc.a(_mulhi3.o)
 .data          0x00800100        0x0 /usr/local/CrossPack-AVR-20131216/lib/gcc/avr/4.8.1/avr35/libgcc.a(_exit.o)
 .data          0x00800100        0x0 /usr/local/CrossPack-AVR-20131216/lib/gcc/avr/4.8.1/avr35/libgcc.a(_copy_data.o)
 .data          0x00800100        0x0 /usr/local/CrossPack-AVR-20131216/lib/gcc/avr/4.8.1/avr35/libgcc.a(_clear_bss.o)
 .data          0x00800100        0x0 /usr/local/CrossPack-AVR-20131216/lib/gcc/avr/4.8.1/../../../../avr/lib/avr35/libc.a(eerd_byte_atmega16u2.o)
 .data          0x00800100        0x0 /usr/local/CrossPack-AVR-20131216/lib/gcc/avr/4.8.1/../../../../avr/lib/avr35/libc.a(eeupd_byte_atmega16u2.o)
 *(.data*)
 *(.rodata)
 *(.rodata*)
 *(.gnu.linkonce.d*)
                0x00800100                . = ALIGN (0x2)
                0x00800100                _edata = .
                0x00800100                PROVIDE (__data_end, .)

.bss            0x00800100       0x1d
                0x00800100                PROVIDE (__bss_start, .)
 *(.bss)
 .bss           0x00800100        0x4 arduino_midi.o
                0x00800100                rx_ticks
                0x00800102                tx_ticks
 *(.bss*)
 *(COMMON)
 COMMON         0x00800104        0xc arduino_midi.o
                0x00800104                mCompleteMessage
                0x00800108                mPendingMessageValid
                0x00800109                mPendingMessageExpectedLength
                0x0080010a                mRunningStatus_RX
                0x0080010b                mPendingMessageIndex
                0x0080010c                mRunningStatus_TX
                0x0080010d                mPendingMessage
 COMMON         0x00800110        0x3 ../../lufa-LUFA-151115/LUFA/Drivers/USB/Core/DeviceStandardReq.o
                0x00800110                USB_Device_ConfigurationNumber
                0x00800111                USB_Device_CurrentlySelfPowered
                0x00800112                USB_Device_RemoteWakeupEnabled
 COMMON         0x00800113        0xa ../../lufa-LUFA-151115/LUFA/Drivers/USB/Core/USBTask.o
                0x00800113                USB_IsInitialized
                0x00800114                USB_DeviceState
                0x00800115                USB_ControlRequest
                0x0080011d                PROVIDE (__bss_end, .)
                0x00000e5e                __data_load_start = LOADADDR (.data)
                0x00000e5e                __data_load_end = (__data_load_start + SIZEOF (.data))

.noinit         0x0080011d        0x0
                0x0080011d                PROVIDE (__noinit_start, .)
 *(.noinit*)
                0x0080011d                PROVIDE (__noinit_end, .)
                0x0080011d                _end = .
                0x0080011d                PROVIDE (__heap_start, .)

.eeprom         0x00810000        0x0
 *(.eeprom*)
                0x00810000                __eeprom_end = .

.fuse
 *(.fuse)
 *(.lfuse)
 *(.hfuse)
 *(.efuse)

.lock
 *(.lock*)

.signature
 *(.signature*)

.user_signatures
 *(.user_signatures*)

.stab
 *(.stab)

.stabstr
 *(.stabstr)

.stab.excl
 *(.stab.excl)

.stab.exclstr
 *(.stab.exclstr)

.stab.index
 *(.stab.index)

.stab.indexstr
 *(.stab.indexstr)

.comment        0x00000000       0x11
 *(.comment)
 .comment       0x00000000       0x11 arduino_midi.o
                                 0x12 (size before relaxing)
 .comment       0x00000000       0x12 Descriptors.o
 .comment       0x00000000       0x12 ../../lufa-LUFA-151115/LUFA/Drivers/USB/Class/Common/HIDParser.o
 .comment       0x00000000       0x12 ../../lufa-LUFA-151115/LUFA/Drivers/USB/Core/AVR8/Device_AVR8.o
 .comment       0x00000000       0x12 ../../lufa-LUFA-151115/LUFA/Drivers/USB/Core/AVR8/EndpointStream_AVR8.o
 .comment       0x00000000       0x12 ../../lufa-LUFA-151115/LUFA/Drivers/USB/Core/AVR8/Endpoint_AVR8.o
 .comment       0x00000000       0x12 ../../lufa-LUFA-151115/LUFA/Drivers/USB/Core/AVR8/Host_AVR8.o
 .comment       0x00000000       0x12 ../../lufa-LUFA-151115/LUFA/Drivers/USB/Core/AVR8/PipeStream_AVR8.o
 .comment       0x00000000       0x12 ../../lufa-LUFA-151115/LUFA/Drivers/USB/Core/AVR8/Pipe_AVR8.o
 .comment       0x00000000       0x12 ../../lufa-LUFA-151115/LUFA/Drivers/USB/Core/AVR8/USBController_AVR8.o
 .comment       0x00000000       0x12 ../../lufa-LUFA-151115/LUFA/Drivers/USB/Core/AVR8/USBInterrupt_AVR8.o
 .comment       0x00000000       0x12 ../../lufa-LUFA-151115/LUFA/Drivers/USB/Core/ConfigDescriptors.o
 .comment       0x00000000       0x12 ../../lufa-LUFA-151115/LUFA/Drivers/USB/Core/DeviceStandardReq.o
 .comment       0x00000000       0x12 ../../lufa-LUFA-151115/LUFA/Drivers/USB/Core/Events.o
 .comment       0x00000000       0x12 ../../lufa-LUFA-151115/LUFA/Drivers/USB/Core/HostStandardReq.o
 .comment       0x00000000       0x12 ../../lufa-LUFA-151115/LUFA/Drivers/USB/Core/USBTask.o

.debug
 *(.debug)

.line
 *(.line)

.debug_srcinfo
 *(.debug_srcinfo)

.debug_sfnames
 *(.debug_sfnames)

.debug_aranges  0x00000000      0x3d8
 *(.debug_aranges)
 .debug_aranges
                0x00000000       0x78 arduino_midi.o
 .debug_aranges
                0x00000078       0x20 Descriptors.o
 .debug_aranges
                0x00000098       0x38 ../../lufa-LUFA-151115/LUFA/Drivers/USB/Class/Common/HIDParser.o
 .debug_aranges
                0x000000d0       0x20 ../../lufa-LUFA-151115/LUFA/Drivers/USB/Core/AVR8/Device_AVR8.o
 .debug_aranges
                0x000000f0       0xc8 ../../lufa-LUFA-151115/LUFA/Drivers/USB/Core/AVR8/EndpointStream_AVR8.o
 .debug_aranges
                0x000001b8       0x40 ../../lufa-LUFA-151115/LUFA/Drivers/USB/Core/AVR8/Endpoint_AVR8.o
 .debug_aranges
                0x000001f8       0x18 ../../lufa-LUFA-151115/LUFA/Drivers/USB/Core/AVR8/Host_AVR8.o
 .debug_aranges
                0x00000210       0x18 ../../lufa-LUFA-151115/LUFA/Drivers/USB/Core/AVR8/PipeStream_AVR8.o
 .debug_aranges
                0x00000228       0x18 ../../lufa-LUFA-151115/LUFA/Drivers/USB/Core/AVR8/Pipe_AVR8.o
 .debug_aranges
                0x00000240       0x30 ../../lufa-LUFA-151115/LUFA/Drivers/USB/Core/AVR8/USBController_AVR8.o
 .debug_aranges
                0x00000270       0x30 ../../lufa-LUFA-151115/LUFA/Drivers/USB/Core/AVR8/USBInterrupt_AVR8.o
 .debug_aranges
                0x000002a0       0x40 ../../lufa-LUFA-151115/LUFA/Drivers/USB/Core/ConfigDescriptors.o
 .debug_aranges
                0x000002e0       0x20 ../../lufa-LUFA-151115/LUFA/Drivers/USB/Core/DeviceStandardReq.o
 .debug_aranges
                0x00000300       0x20 ../../lufa-LUFA-151115/LUFA/Drivers/USB/Core/Events.o
 .debug_aranges
                0x00000320       0x18 ../../lufa-LUFA-151115/LUFA/Drivers/USB/Core/HostStandardReq.o
 .debug_aranges
                0x00000338       0x20 ../../lufa-LUFA-151115/LUFA/Drivers/USB/Core/USBTask.o
 .debug_aranges
                0x00000358       0x20 /usr/local/CrossPack-AVR-20131216/lib/gcc/avr/4.8.1/avr35/libgcc.a(_mulhi3.o)
 .debug_aranges
                0x00000378       0x20 /usr/local/CrossPack-AVR-20131216/lib/gcc/avr/4.8.1/avr35/libgcc.a(_exit.o)
 .debug_aranges
                0x00000398       0x20 /usr/local/CrossPack-AVR-20131216/lib/gcc/avr/4.8.1/avr35/libgcc.a(_copy_data.o)
 .debug_aranges
                0x000003b8       0x20 /usr/local/CrossPack-AVR-20131216/lib/gcc/avr/4.8.1/avr35/libgcc.a(_clear_bss.o)

.debug_pubnames
 *(.debug_pubnames)

.debug_info     0x00000000     0x5a04
 *(.debug_info)
 .debug_info    0x00000000      0xabf arduino_midi.o
 .debug_info    0x00000abf      0x98d Descriptors.o
 .debug_info    0x0000144c      0x741 ../../lufa-LUFA-151115/LUFA/Drivers/USB/Class/Common/HIDParser.o
 .debug_info    0x00001b8d       0xd2 ../../lufa-LUFA-151115/LUFA/Drivers/USB/Core/AVR8/Device_AVR8.o
 .debug_info    0x00001c5f     0x1815 ../../lufa-LUFA-151115/LUFA/Drivers/USB/Core/AVR8/EndpointStream_AVR8.o
 .debug_info    0x00003474      0x614 ../../lufa-LUFA-151115/LUFA/Drivers/USB/Core/AVR8/Endpoint_AVR8.o
 .debug_info    0x00003a88       0x56 ../../lufa-LUFA-151115/LUFA/Drivers/USB/Core/AVR8/Host_AVR8.o
 .debug_info    0x00003ade       0x56 ../../lufa-LUFA-151115/LUFA/Drivers/USB/Core/AVR8/PipeStream_AVR8.o
 .debug_info    0x00003b34       0x56 ../../lufa-LUFA-151115/LUFA/Drivers/USB/Core/AVR8/Pipe_AVR8.o
 .debug_info    0x00003b8a      0x46a ../../lufa-LUFA-151115/LUFA/Drivers/USB/Core/AVR8/USBController_AVR8.o
 .debug_info    0x00003ff4      0x5b7 ../../lufa-LUFA-151115/LUFA/Drivers/USB/Core/AVR8/USBInterrupt_AVR8.o
 .debug_info    0x000045ab      0x3cd ../../lufa-LUFA-151115/LUFA/Drivers/USB/Core/ConfigDescriptors.o
 .debug_info    0x00004978      0xa57 ../../lufa-LUFA-151115/LUFA/Drivers/USB/Core/DeviceStandardReq.o
 .debug_info    0x000053cf       0x78 ../../lufa-LUFA-151115/LUFA/Drivers/USB/Core/Events.o
 .debug_info    0x00005447       0x56 ../../lufa-LUFA-151115/LUFA/Drivers/USB/Core/HostStandardReq.o
 .debug_info    0x0000549d      0x26b ../../lufa-LUFA-151115/LUFA/Drivers/USB/Core/USBTask.o
 .debug_info    0x00005708       0xbf /usr/local/CrossPack-AVR-20131216/lib/gcc/avr/4.8.1/avr35/libgcc.a(_mulhi3.o)
 .debug_info    0x000057c7       0xbf /usr/local/CrossPack-AVR-20131216/lib/gcc/avr/4.8.1/avr35/libgcc.a(_exit.o)
 .debug_info    0x00005886       0xbf /usr/local/CrossPack-AVR-20131216/lib/gcc/avr/4.8.1/avr35/libgcc.a(_copy_data.o)
 .debug_info    0x00005945       0xbf /usr/local/CrossPack-AVR-20131216/lib/gcc/avr/4.8.1/avr35/libgcc.a(_clear_bss.o)
 *(.gnu.linkonce.wi.*)

.debug_abbrev   0x00000000     0x15d3
 *(.debug_abbrev)
 .debug_abbrev  0x00000000      0x327 arduino_midi.o
 .debug_abbrev  0x00000327      0x177 Descriptors.o
 .debug_abbrev  0x0000049e      0x22d ../../lufa-LUFA-151115/LUFA/Drivers/USB/Class/Common/HIDParser.o
 .debug_abbrev  0x000006cb       0x80 ../../lufa-LUFA-151115/LUFA/Drivers/USB/Core/AVR8/Device_AVR8.o
 .debug_abbrev  0x0000074b      0x224 ../../lufa-LUFA-151115/LUFA/Drivers/USB/Core/AVR8/EndpointStream_AVR8.o
 .debug_abbrev  0x0000096f      0x222 ../../lufa-LUFA-151115/LUFA/Drivers/USB/Core/AVR8/Endpoint_AVR8.o
 .debug_abbrev  0x00000b91       0x26 ../../lufa-LUFA-151115/LUFA/Drivers/USB/Core/AVR8/Host_AVR8.o
 .debug_abbrev  0x00000bb7       0x26 ../../lufa-LUFA-151115/LUFA/Drivers/USB/Core/AVR8/PipeStream_AVR8.o
 .debug_abbrev  0x00000bdd       0x26 ../../lufa-LUFA-151115/LUFA/Drivers/USB/Core/AVR8/Pipe_AVR8.o
 .debug_abbrev  0x00000c03      0x18d ../../lufa-LUFA-151115/LUFA/Drivers/USB/Core/AVR8/USBController_AVR8.o
 .debug_abbrev  0x00000d90      0x1d5 ../../lufa-LUFA-151115/LUFA/Drivers/USB/Core/AVR8/USBInterrupt_AVR8.o
 .debug_abbrev  0x00000f65      0x183 ../../lufa-LUFA-151115/LUFA/Drivers/USB/Core/ConfigDescriptors.o
 .debug_abbrev  0x000010e8      0x2c9 ../../lufa-LUFA-151115/LUFA/Drivers/USB/Core/DeviceStandardReq.o
 .debug_abbrev  0x000013b1       0x44 ../../lufa-LUFA-151115/LUFA/Drivers/USB/Core/Events.o
 .debug_abbrev  0x000013f5       0x26 ../../lufa-LUFA-151115/LUFA/Drivers/USB/Core/HostStandardReq.o
 .debug_abbrev  0x0000141b      0x168 ../../lufa-LUFA-151115/LUFA/Drivers/USB/Core/USBTask.o
 .debug_abbrev  0x00001583       0x14 /usr/local/CrossPack-AVR-20131216/lib/gcc/avr/4.8.1/avr35/libgcc.a(_mulhi3.o)
 .debug_abbrev  0x00001597       0x14 /usr/local/CrossPack-AVR-20131216/lib/gcc/avr/4.8.1/avr35/libgcc.a(_exit.o)
 .debug_abbrev  0x000015ab       0x14 /usr/local/CrossPack-AVR-20131216/lib/gcc/avr/4.8.1/avr35/libgcc.a(_copy_data.o)
 .debug_abbrev  0x000015bf       0x14 /usr/local/CrossPack-AVR-20131216/lib/gcc/avr/4.8.1/avr35/libgcc.a(_clear_bss.o)

.debug_line     0x00000000     0x3d12
 *(.debug_line)
 .debug_line    0x00000000      0x7c9 arduino_midi.o
 .debug_line    0x000007c9      0x23a Descriptors.o
 .debug_line    0x00000a03      0x5a2 ../../lufa-LUFA-151115/LUFA/Drivers/USB/Class/Common/HIDParser.o
 .debug_line    0x00000fa5      0x13f ../../lufa-LUFA-151115/LUFA/Drivers/USB/Core/AVR8/Device_AVR8.o
 .debug_line    0x000010e4     0x1563 ../../lufa-LUFA-151115/LUFA/Drivers/USB/Core/AVR8/EndpointStream_AVR8.o
 .debug_line    0x00002647      0x4ee ../../lufa-LUFA-151115/LUFA/Drivers/USB/Core/AVR8/Endpoint_AVR8.o
 .debug_line    0x00002b35       0x1a ../../lufa-LUFA-151115/LUFA/Drivers/USB/Core/AVR8/Host_AVR8.o
 .debug_line    0x00002b4f       0x1a ../../lufa-LUFA-151115/LUFA/Drivers/USB/Core/AVR8/PipeStream_AVR8.o
 .debug_line    0x00002b69       0x1a ../../lufa-LUFA-151115/LUFA/Drivers/USB/Core/AVR8/Pipe_AVR8.o
 .debug_line    0x00002b83      0x304 ../../lufa-LUFA-151115/LUFA/Drivers/USB/Core/AVR8/USBController_AVR8.o
 .debug_line    0x00002e87      0x432 ../../lufa-LUFA-151115/LUFA/Drivers/USB/Core/AVR8/USBInterrupt_AVR8.o
 .debug_line    0x000032b9      0x215 ../../lufa-LUFA-151115/LUFA/Drivers/USB/Core/ConfigDescriptors.o
 .debug_line    0x000034ce      0x4a9 ../../lufa-LUFA-151115/LUFA/Drivers/USB/Core/DeviceStandardReq.o
 .debug_line    0x00003977       0x63 ../../lufa-LUFA-151115/LUFA/Drivers/USB/Core/Events.o
 .debug_line    0x000039da       0x1a ../../lufa-LUFA-151115/LUFA/Drivers/USB/Core/HostStandardReq.o
 .debug_line    0x000039f4      0x1a0 ../../lufa-LUFA-151115/LUFA/Drivers/USB/Core/USBTask.o
 .debug_line    0x00003b94       0x67 /usr/local/CrossPack-AVR-20131216/lib/gcc/avr/4.8.1/avr35/libgcc.a(_mulhi3.o)
 .debug_line    0x00003bfb       0x58 /usr/local/CrossPack-AVR-20131216/lib/gcc/avr/4.8.1/avr35/libgcc.a(_exit.o)
 .debug_line    0x00003c53       0x61 /usr/local/CrossPack-AVR-20131216/lib/gcc/avr/4.8.1/avr35/libgcc.a(_copy_data.o)
 .debug_line    0x00003cb4       0x5e /usr/local/CrossPack-AVR-20131216/lib/gcc/avr/4.8.1/avr35/libgcc.a(_clear_bss.o)

.debug_frame    0x00000000      0x928
 *(.debug_frame)
 .debug_frame   0x00000000      0x13c arduino_midi.o
 .debug_frame   0x0000013c       0x24 Descriptors.o
 .debug_frame   0x00000160      0x114 ../../lufa-LUFA-151115/LUFA/Drivers/USB/Class/Common/HIDParser.o
 .debug_frame   0x00000274       0x24 ../../lufa-LUFA-151115/LUFA/Drivers/USB/Core/AVR8/Device_AVR8.o
 .debug_frame   0x00000298      0x3b4 ../../lufa-LUFA-151115/LUFA/Drivers/USB/Core/AVR8/EndpointStream_AVR8.o
 .debug_frame   0x0000064c       0x78 ../../lufa-LUFA-151115/LUFA/Drivers/USB/Core/AVR8/Endpoint_AVR8.o
 .debug_frame   0x000006c4       0x44 ../../lufa-LUFA-151115/LUFA/Drivers/USB/Core/AVR8/USBController_AVR8.o
 .debug_frame   0x00000708       0x8c ../../lufa-LUFA-151115/LUFA/Drivers/USB/Core/AVR8/USBInterrupt_AVR8.o
 .debug_frame   0x00000794      0x108 ../../lufa-LUFA-151115/LUFA/Drivers/USB/Core/ConfigDescriptors.o
 .debug_frame   0x0000089c       0x3c ../../lufa-LUFA-151115/LUFA/Drivers/USB/Core/DeviceStandardReq.o
 .debug_frame   0x000008d8       0x24 ../../lufa-LUFA-151115/LUFA/Drivers/USB/Core/Events.o
 .debug_frame   0x000008fc       0x2c ../../lufa-LUFA-151115/LUFA/Drivers/USB/Core/USBTask.o

.debug_str      0x00000000     0x2b8d
 *(.debug_str)
 .debug_str     0x00000000      0x783 arduino_midi.o
                                0x7e1 (size before relaxing)
 .debug_str     0x00000783      0xb6f Descriptors.o
                                0xd91 (size before relaxing)
 .debug_str     0x000012f2      0x4bb ../../lufa-LUFA-151115/LUFA/Drivers/USB/Class/Common/HIDParser.o
                                0x6eb (size before relaxing)
 .debug_str     0x000017ad       0x88 ../../lufa-LUFA-151115/LUFA/Drivers/USB/Core/AVR8/Device_AVR8.o
                                0x227 (size before relaxing)
 .debug_str     0x00001835      0x563 ../../lufa-LUFA-151115/LUFA/Drivers/USB/Core/AVR8/EndpointStream_AVR8.o
                                0x896 (size before relaxing)
 .debug_str     0x00001d98      0x27c ../../lufa-LUFA-151115/LUFA/Drivers/USB/Core/AVR8/Endpoint_AVR8.o
                                0x649 (size before relaxing)
 .debug_str     0x00002014       0x3e ../../lufa-LUFA-151115/LUFA/Drivers/USB/Core/AVR8/Host_AVR8.o
                                0x1c6 (size before relaxing)
 .debug_str     0x00002052       0x44 ../../lufa-LUFA-151115/LUFA/Drivers/USB/Core/AVR8/PipeStream_AVR8.o
                                0x1cc (size before relaxing)
 .debug_str     0x00002096       0x3e ../../lufa-LUFA-151115/LUFA/Drivers/USB/Core/AVR8/Pipe_AVR8.o
                                0x1c6 (size before relaxing)
 .debug_str     0x000020d4      0x249 ../../lufa-LUFA-151115/LUFA/Drivers/USB/Core/AVR8/USBController_AVR8.o
                                0x55f (size before relaxing)
 .debug_str     0x0000231d       0xe4 ../../lufa-LUFA-151115/LUFA/Drivers/USB/Core/AVR8/USBInterrupt_AVR8.o
                                0x50a (size before relaxing)
 .debug_str     0x00002401      0x238 ../../lufa-LUFA-151115/LUFA/Drivers/USB/Core/ConfigDescriptors.o
                                0x40f (size before relaxing)
 .debug_str     0x00002639      0x461 ../../lufa-LUFA-151115/LUFA/Drivers/USB/Core/DeviceStandardReq.o
                                0x9fb (size before relaxing)
 .debug_str     0x00002a9a       0x45 ../../lufa-LUFA-151115/LUFA/Drivers/USB/Core/Events.o
                                0x1cd (size before relaxing)
 .debug_str     0x00002adf       0x3f ../../lufa-LUFA-151115/LUFA/Drivers/USB/Core/HostStandardReq.o
                                0x1c7 (size before relaxing)
 .debug_str     0x00002b1e       0x6f ../../lufa-LUFA-151115/LUFA/Drivers/USB/Core/USBTask.o
                                0x3ae (size before relaxing)

.debug_loc      0x00000000     0x3e23
 *(.debug_loc)
 .debug_loc     0x00000000      0x3b6 arduino_midi.o
 .debug_loc     0x000003b6      0x186 Descriptors.o
 .debug_loc     0x0000053c      0xaa0 ../../lufa-LUFA-151115/LUFA/Drivers/USB/Class/Common/HIDParser.o
 .debug_loc     0x00000fdc     0x1f66 ../../lufa-LUFA-151115/LUFA/Drivers/USB/Core/AVR8/EndpointStream_AVR8.o
 .debug_loc     0x00002f42      0x3fe ../../lufa-LUFA-151115/LUFA/Drivers/USB/Core/AVR8/Endpoint_AVR8.o
 .debug_loc     0x00003340      0x21f ../../lufa-LUFA-151115/LUFA/Drivers/USB/Core/AVR8/USBInterrupt_AVR8.o
 .debug_loc     0x0000355f      0x5bd ../../lufa-LUFA-151115/LUFA/Drivers/USB/Core/ConfigDescriptors.o
 .debug_loc     0x00003b1c      0x2be ../../lufa-LUFA-151115/LUFA/Drivers/USB/Core/DeviceStandardReq.o
 .debug_loc     0x00003dda       0x49 ../../lufa-LUFA-151115/LUFA/Drivers/USB/Core/USBTask.o

.debug_macinfo
 *(.debug_macinfo)

.debug_pubtypes
 *(.debug_pubtypes)

.debug_ranges   0x00000000      0x570
 *(.debug_ranges)
 .debug_ranges  0x00000000       0x68 arduino_midi.o
 .debug_ranges  0x00000068       0x10 Descriptors.o
 .debug_ranges  0x00000078       0xd0 ../../lufa-LUFA-151115/LUFA/Drivers/USB/Class/Common/HIDParser.o
 .debug_ranges  0x00000148       0x10 ../../lufa-LUFA-151115/LUFA/Drivers/USB/Core/AVR8/Device_AVR8.o
 .debug_ranges  0x00000158      0x2d0 ../../lufa-LUFA-151115/LUFA/Drivers/USB/Core/AVR8/EndpointStream_AVR8.o
 .debug_ranges  0x00000428       0x90 ../../lufa-LUFA-151115/LUFA/Drivers/USB/Core/AVR8/Endpoint_AVR8.o
 .debug_ranges  0x000004b8       0x20 ../../lufa-LUFA-151115/LUFA/Drivers/USB/Core/AVR8/USBController_AVR8.o
 .debug_ranges  0x000004d8       0x20 ../../lufa-LUFA-151115/LUFA/Drivers/USB/Core/AVR8/USBInterrupt_AVR8.o
 .debug_ranges  0x000004f8       0x30 ../../lufa-LUFA-151115/LUFA/Drivers/USB/Core/ConfigDescriptors.o
 .debug_ranges  0x00000528       0x28 ../../lufa-LUFA-151115/LUFA/Drivers/USB/Core/DeviceStandardReq.o
 .debug_ranges  0x00000550       0x10 ../../lufa-LUFA-151115/LUFA/Drivers/USB/Core/Events.o
 .debug_ranges  0x00000560       0x10 ../../lufa-LUFA-151115/LUFA/Drivers/USB/Core/USBTask.o

.debug_macro
 *(.debug_macro)
OUTPUT(arduino_midi.elf elf32-avr)
LOAD linker stubs

Cross Reference Table

Symbol                                            File
CALLBACK_HIDParser_FilterHIDReportItem            ../../lufa-LUFA-151115/LUFA/Drivers/USB/Class/Common/HIDParser.o
CALLBACK_USB_GetDescriptor                        Descriptors.o
                                                  ../../lufa-LUFA-151115/LUFA/Drivers/USB/Core/DeviceStandardReq.o
ConfigurationDescriptor                           Descriptors.o
DeviceDescriptor                                  Descriptors.o
EVENT_USB_Device_ConfigurationChanged             arduino_midi.o
                                                  ../../lufa-LUFA-151115/LUFA/Drivers/USB/Core/DeviceStandardReq.o
EVENT_USB_Device_Connect                          arduino_midi.o
                                                  ../../lufa-LUFA-151115/LUFA/Drivers/USB/Core/AVR8/USBInterrupt_AVR8.o
EVENT_USB_Device_ControlRequest                   ../../lufa-LUFA-151115/LUFA/Drivers/USB/Core/Events.o
                                                  ../../lufa-LUFA-151115/LUFA/Drivers/USB/Core/DeviceStandardReq.o
EVENT_USB_Device_Disconnect                       arduino_midi.o
                                                  ../../lufa-LUFA-151115/LUFA/Drivers/USB/Core/AVR8/USBInterrupt_AVR8.o
EVENT_USB_Device_Reset                            ../../lufa-LUFA-151115/LUFA/Drivers/USB/Core/Events.o
                                                  ../../lufa-LUFA-151115/LUFA/Drivers/USB/Core/AVR8/USBInterrupt_AVR8.o
EVENT_USB_Device_StartOfFrame                     ../../lufa-LUFA-151115/LUFA/Drivers/USB/Core/Events.o
                                                  ../../lufa-LUFA-151115/LUFA/Drivers/USB/Core/AVR8/USBInterrupt_AVR8.o
EVENT_USB_Device_Suspend                          ../../lufa-LUFA-151115/LUFA/Drivers/USB/Core/Events.o
EVENT_USB_Device_WakeUp                           ../../lufa-LUFA-151115/LUFA/Drivers/USB/Core/Events.o
Endpoint_ClearEndpoints                           ../../lufa-LUFA-151115/LUFA/Drivers/USB/Core/AVR8/Endpoint_AVR8.o
Endpoint_ClearStatusStage                         ../../lufa-LUFA-151115/LUFA/Drivers/USB/Core/AVR8/Endpoint_AVR8.o
                                                  ../../lufa-LUFA-151115/LUFA/Drivers/USB/Core/DeviceStandardReq.o
Endpoint_ConfigureEndpointTable                   ../../lufa-LUFA-151115/LUFA/Drivers/USB/Core/AVR8/Endpoint_AVR8.o
Endpoint_ConfigureEndpoint_Prv                    ../../lufa-LUFA-151115/LUFA/Drivers/USB/Core/AVR8/Endpoint_AVR8.o
                                                  ../../lufa-LUFA-151115/LUFA/Drivers/USB/Core/AVR8/USBInterrupt_AVR8.o
                                                  ../../lufa-LUFA-151115/LUFA/Drivers/USB/Core/AVR8/USBController_AVR8.o
                                                  arduino_midi.o
Endpoint_Discard_Stream                           ../../lufa-LUFA-151115/LUFA/Drivers/USB/Core/AVR8/EndpointStream_AVR8.o
Endpoint_Null_Stream                              ../../lufa-LUFA-151115/LUFA/Drivers/USB/Core/AVR8/EndpointStream_AVR8.o
Endpoint_Read_Control_EStream_BE                  ../../lufa-LUFA-151115/LUFA/Drivers/USB/Core/AVR8/EndpointStream_AVR8.o
Endpoint_Read_Control_EStream_LE                  ../../lufa-LUFA-151115/LUFA/Drivers/USB/Core/AVR8/EndpointStream_AVR8.o
Endpoint_Read_Control_Stream_BE                   ../../lufa-LUFA-151115/LUFA/Drivers/USB/Core/AVR8/EndpointStream_AVR8.o
Endpoint_Read_Control_Stream_LE                   ../../lufa-LUFA-151115/LUFA/Drivers/USB/Core/AVR8/EndpointStream_AVR8.o
Endpoint_Read_EStream_BE                          ../../lufa-LUFA-151115/LUFA/Drivers/USB/Core/AVR8/EndpointStream_AVR8.o
Endpoint_Read_EStream_LE                          ../../lufa-LUFA-151115/LUFA/Drivers/USB/Core/AVR8/EndpointStream_AVR8.o
Endpoint_Read_Stream_BE                           ../../lufa-LUFA-151115/LUFA/Drivers/USB/Core/AVR8/EndpointStream_AVR8.o
Endpoint_Read_Stream_LE                           ../../lufa-LUFA-151115/LUFA/Drivers/USB/Core/AVR8/EndpointStream_AVR8.o
                                                  arduino_midi.o
Endpoint_WaitUntilReady                           ../../lufa-LUFA-151115/LUFA/Drivers/USB/Core/AVR8/Endpoint_AVR8.o
                                                  ../../lufa-LUFA-151115/LUFA/Drivers/USB/Core/AVR8/EndpointStream_AVR8.o
Endpoint_Write_Control_EStream_BE                 ../../lufa-LUFA-151115/LUFA/Drivers/USB/Core/AVR8/EndpointStream_AVR8.o
Endpoint_Write_Control_EStream_LE                 ../../lufa-LUFA-151115/LUFA/Drivers/USB/Core/AVR8/EndpointStream_AVR8.o
Endpoint_Write_Control_PStream_BE                 ../../lufa-LUFA-151115/LUFA/Drivers/USB/Core/AVR8/EndpointStream_AVR8.o
Endpoint_Write_Control_PStream_LE                 ../../lufa-LUFA-151115/LUFA/Drivers/USB/Core/AVR8/EndpointStream_AVR8.o
                                                  ../../lufa-LUFA-151115/LUFA/Drivers/USB/Core/DeviceStandardReq.o
Endpoint_Write_Control_Stream_BE                  ../../lufa-LUFA-151115/LUFA/Drivers/USB/Core/AVR8/EndpointStream_AVR8.o
Endpoint_Write_Control_Stream_LE                  ../../lufa-LUFA-151115/LUFA/Drivers/USB/Core/AVR8/EndpointStream_AVR8.o
                                                  ../../lufa-LUFA-151115/LUFA/Drivers/USB/Core/DeviceStandardReq.o
Endpoint_Write_EStream_BE                         ../../lufa-LUFA-151115/LUFA/Drivers/USB/Core/AVR8/EndpointStream_AVR8.o
Endpoint_Write_EStream_LE                         ../../lufa-LUFA-151115/LUFA/Drivers/USB/Core/AVR8/EndpointStream_AVR8.o
Endpoint_Write_PStream_BE                         ../../lufa-LUFA-151115/LUFA/Drivers/USB/Core/AVR8/EndpointStream_AVR8.o
Endpoint_Write_PStream_LE                         ../../lufa-LUFA-151115/LUFA/Drivers/USB/Core/AVR8/EndpointStream_AVR8.o
Endpoint_Write_Stream_BE                          ../../lufa-LUFA-151115/LUFA/Drivers/USB/Core/AVR8/EndpointStream_AVR8.o
Endpoint_Write_Stream_LE                          ../../lufa-LUFA-151115/LUFA/Drivers/USB/Core/AVR8/EndpointStream_AVR8.o
                                                  arduino_midi.o
LanguageString                                    Descriptors.o
MIDI_To_Arduino                                   arduino_midi.o
MIDI_To_Host                                      arduino_midi.o
ManufacturerString                                Descriptors.o
ProductString                                     Descriptors.o
SetupHardware                                     arduino_midi.o
TICK_COUNT                                        arduino_midi.o
USB_ControlRequest                                ../../lufa-LUFA-151115/LUFA/Drivers/USB/Core/USBTask.o
                                                  ../../lufa-LUFA-151115/LUFA/Drivers/USB/Core/DeviceStandardReq.o
                                                  ../../lufa-LUFA-151115/LUFA/Drivers/USB/Core/AVR8/Endpoint_AVR8.o
                                                  ../../lufa-LUFA-151115/LUFA/Drivers/USB/Core/AVR8/EndpointStream_AVR8.o
USB_DeviceState                                   ../../lufa-LUFA-151115/LUFA/Drivers/USB/Core/USBTask.o
                                                  ../../lufa-LUFA-151115/LUFA/Drivers/USB/Core/DeviceStandardReq.o
                                                  ../../lufa-LUFA-151115/LUFA/Drivers/USB/Core/AVR8/USBInterrupt_AVR8.o
                                                  ../../lufa-LUFA-151115/LUFA/Drivers/USB/Core/AVR8/USBController_AVR8.o
                                                  ../../lufa-LUFA-151115/LUFA/Drivers/USB/Core/AVR8/Endpoint_AVR8.o
                                                  ../../lufa-LUFA-151115/LUFA/Drivers/USB/Core/AVR8/EndpointStream_AVR8.o
                                                  arduino_midi.o
USB_Device_ConfigurationNumber                    ../../lufa-LUFA-151115/LUFA/Drivers/USB/Core/DeviceStandardReq.o
                                                  ../../lufa-LUFA-151115/LUFA/Drivers/USB/Core/AVR8/USBInterrupt_AVR8.o
                                                  ../../lufa-LUFA-151115/LUFA/Drivers/USB/Core/AVR8/USBController_AVR8.o
USB_Device_CurrentlySelfPowered                   ../../lufa-LUFA-151115/LUFA/Drivers/USB/Core/DeviceStandardReq.o
                                                  ../../lufa-LUFA-151115/LUFA/Drivers/USB/Core/AVR8/USBController_AVR8.o
USB_Device_ProcessControlRequest                  ../../lufa-LUFA-151115/LUFA/Drivers/USB/Core/DeviceStandardReq.o
                                                  ../../lufa-LUFA-151115/LUFA/Drivers/USB/Core/USBTask.o
USB_Device_RemoteWakeupEnabled                    ../../lufa-LUFA-151115/LUFA/Drivers/USB/Core/DeviceStandardReq.o
                                                  ../../lufa-LUFA-151115/LUFA/Drivers/USB/Core/AVR8/USBController_AVR8.o
USB_Device_SendRemoteWakeup                       ../../lufa-LUFA-151115/LUFA/Drivers/USB/Core/AVR8/Device_AVR8.o
USB_Disable                                       ../../lufa-LUFA-151115/LUFA/Drivers/USB/Core/AVR8/USBController_AVR8.o
USB_Event_Stub                                    ../../lufa-LUFA-151115/LUFA/Drivers/USB/Core/Events.o
USB_GetHIDReportItemInfo                          ../../lufa-LUFA-151115/LUFA/Drivers/USB/Class/Common/HIDParser.o
USB_GetHIDReportSize                              ../../lufa-LUFA-151115/LUFA/Drivers/USB/Class/Common/HIDParser.o
USB_GetNextDescriptorComp                         ../../lufa-LUFA-151115/LUFA/Drivers/USB/Core/ConfigDescriptors.o
USB_GetNextDescriptorOfType                       ../../lufa-LUFA-151115/LUFA/Drivers/USB/Core/ConfigDescriptors.o
USB_GetNextDescriptorOfTypeAfter                  ../../lufa-LUFA-151115/LUFA/Drivers/USB/Core/ConfigDescriptors.o
USB_GetNextDescriptorOfTypeBefore                 ../../lufa-LUFA-151115/LUFA/Drivers/USB/Core/ConfigDescriptors.o
USB_INT_ClearAllInterrupts                        ../../lufa-LUFA-151115/LUFA/Drivers/USB/Core/AVR8/USBInterrupt_AVR8.o
                                                  ../../lufa-LUFA-151115/LUFA/Drivers/USB/Core/AVR8/USBController_AVR8.o
USB_INT_DisableAllInterrupts                      ../../lufa-LUFA-151115/LUFA/Drivers/USB/Core/AVR8/USBInterrupt_AVR8.o
                                                  ../../lufa-LUFA-151115/LUFA/Drivers/USB/Core/AVR8/USBController_AVR8.o
USB_Init                                          ../../lufa-LUFA-151115/LUFA/Drivers/USB/Core/AVR8/USBController_AVR8.o
                                                  arduino_midi.o
USB_IsInitialized                                 ../../lufa-LUFA-151115/LUFA/Drivers/USB/Core/USBTask.o
                                                  ../../lufa-LUFA-151115/LUFA/Drivers/USB/Core/AVR8/USBController_AVR8.o
USB_ProcessHIDReport                              ../../lufa-LUFA-151115/LUFA/Drivers/USB/Class/Common/HIDParser.o
USB_ResetInterface                                ../../lufa-LUFA-151115/LUFA/Drivers/USB/Core/AVR8/USBController_AVR8.o
USB_SetHIDReportItemInfo                          ../../lufa-LUFA-151115/LUFA/Drivers/USB/Class/Common/HIDParser.o
USB_USBTask                                       ../../lufa-LUFA-151115/LUFA/Drivers/USB/Core/USBTask.o
                                                  ../../lufa-LUFA-151115/LUFA/Drivers/USB/Core/AVR8/EndpointStream_AVR8.o
                                                  arduino_midi.o
__bad_interrupt                                   /usr/local/CrossPack-AVR-20131216/lib/gcc/avr/4.8.1/../../../../avr/lib/avr35/crtm16u2.o
__bss_end                                         /usr/local/CrossPack-AVR-20131216/lib/gcc/avr/4.8.1/avr35/libgcc.a(_clear_bss.o)
__bss_start                                       /usr/local/CrossPack-AVR-20131216/lib/gcc/avr/4.8.1/avr35/libgcc.a(_clear_bss.o)
__data_end                                        /usr/local/CrossPack-AVR-20131216/lib/gcc/avr/4.8.1/avr35/libgcc.a(_copy_data.o)
__data_load_start                                 /usr/local/CrossPack-AVR-20131216/lib/gcc/avr/4.8.1/avr35/libgcc.a(_copy_data.o)
__data_start                                      /usr/local/CrossPack-AVR-20131216/lib/gcc/avr/4.8.1/avr35/libgcc.a(_copy_data.o)
__do_clear_bss                                    /usr/local/CrossPack-AVR-20131216/lib/gcc/avr/4.8.1/avr35/libgcc.a(_clear_bss.o)
                                                  ../../lufa-LUFA-151115/LUFA/Drivers/USB/Core/USBTask.o
                                                  ../../lufa-LUFA-151115/LUFA/Drivers/USB/Core/DeviceStandardReq.o
                                                  arduino_midi.o
__do_copy_data                                    /usr/local/CrossPack-AVR-20131216/lib/gcc/avr/4.8.1/avr35/libgcc.a(_copy_data.o)
                                                  arduino_midi.o
__eerd_byte_m16u2                                 /usr/local/CrossPack-AVR-20131216/lib/gcc/avr/4.8.1/../../../../avr/lib/avr35/libc.a(eerd_byte_atmega16u2.o)
                                                  ../../lufa-LUFA-151115/LUFA/Drivers/USB/Core/AVR8/EndpointStream_AVR8.o
__eeupd_byte_m16u2                                /usr/local/CrossPack-AVR-20131216/lib/gcc/avr/4.8.1/../../../../avr/lib/avr35/libc.a(eeupd_byte_atmega16u2.o)
                                                  ../../lufa-LUFA-151115/LUFA/Drivers/USB/Core/AVR8/EndpointStream_AVR8.o
__eeupd_r18_m16u2                                 /usr/local/CrossPack-AVR-20131216/lib/gcc/avr/4.8.1/../../../../avr/lib/avr35/libc.a(eeupd_byte_atmega16u2.o)
__heap_end                                        /usr/local/CrossPack-AVR-20131216/lib/gcc/avr/4.8.1/../../../../avr/lib/avr35/crtm16u2.o
__init                                            /usr/local/CrossPack-AVR-20131216/lib/gcc/avr/4.8.1/../../../../avr/lib/avr35/crtm16u2.o
__mulhi3                                          /usr/local/CrossPack-AVR-20131216/lib/gcc/avr/4.8.1/avr35/libgcc.a(_mulhi3.o)
                                                  ../../lufa-LUFA-151115/LUFA/Drivers/USB/Class/Common/HIDParser.o
__stack                                           /usr/local/CrossPack-AVR-20131216/lib/gcc/avr/4.8.1/../../../../avr/lib/avr35/crtm16u2.o
__vector_1                                        /usr/local/CrossPack-AVR-20131216/lib/gcc/avr/4.8.1/../../../../avr/lib/avr35/crtm16u2.o
__vector_10                                       /usr/local/CrossPack-AVR-20131216/lib/gcc/avr/4.8.1/../../../../avr/lib/avr35/crtm16u2.o
__vector_11                                       ../../lufa-LUFA-151115/LUFA/Drivers/USB/Core/AVR8/USBInterrupt_AVR8.o
                                                  /usr/local/CrossPack-AVR-20131216/lib/gcc/avr/4.8.1/../../../../avr/lib/avr35/crtm16u2.o
__vector_12                                       /usr/local/CrossPack-AVR-20131216/lib/gcc/avr/4.8.1/../../../../avr/lib/avr35/crtm16u2.o
__vector_13                                       /usr/local/CrossPack-AVR-20131216/lib/gcc/avr/4.8.1/../../../../avr/lib/avr35/crtm16u2.o
__vector_14                                       /usr/local/CrossPack-AVR-20131216/lib/gcc/avr/4.8.1/../../../../avr/lib/avr35/crtm16u2.o
__vector_15                                       /usr/local/CrossPack-AVR-20131216/lib/gcc/avr/4.8.1/../../../../avr/lib/avr35/crtm16u2.o
__vector_16                                       /usr/local/CrossPack-AVR-20131216/lib/gcc/avr/4.8.1/../../../../avr/lib/avr35/crtm16u2.o
__vector_17                                       /usr/local/CrossPack-AVR-20131216/lib/gcc/avr/4.8.1/../../../../avr/lib/avr35/crtm16u2.o
__vector_18                                       /usr/local/CrossPack-AVR-20131216/lib/gcc/avr/4.8.1/../../../../avr/lib/avr35/crtm16u2.o
__vector_19                                       /usr/local/CrossPack-AVR-20131216/lib/gcc/avr/4.8.1/../../../../avr/lib/avr35/crtm16u2.o
__vector_2                                        /usr/local/CrossPack-AVR-20131216/lib/gcc/avr/4.8.1/../../../../avr/lib/avr35/crtm16u2.o
__vector_20                                       /usr/local/CrossPack-AVR-20131216/lib/gcc/avr/4.8.1/../../../../avr/lib/avr35/crtm16u2.o
__vector_21                                       /usr/local/CrossPack-AVR-20131216/lib/gcc/avr/4.8.1/../../../../avr/lib/avr35/crtm16u2.o
__vector_22                                       /usr/local/CrossPack-AVR-20131216/lib/gcc/avr/4.8.1/../../../../avr/lib/avr35/crtm16u2.o
__vector_23                                       arduino_midi.o
                                                  /usr/local/CrossPack-AVR-20131216/lib/gcc/avr/4.8.1/../../../../avr/lib/avr35/crtm16u2.o
__vector_24                                       /usr/local/CrossPack-AVR-20131216/lib/gcc/avr/4.8.1/../../../../avr/lib/avr35/crtm16u2.o
__vector_25                                       /usr/local/CrossPack-AVR-20131216/lib/gcc/avr/4.8.1/../../../../avr/lib/avr35/crtm16u2.o
__vector_26                                       /usr/local/CrossPack-AVR-20131216/lib/gcc/avr/4.8.1/../../../../avr/lib/avr35/crtm16u2.o
__vector_27                                       /usr/local/CrossPack-AVR-20131216/lib/gcc/avr/4.8.1/../../../../avr/lib/avr35/crtm16u2.o
__vector_28                                       /usr/local/CrossPack-AVR-20131216/lib/gcc/avr/4.8.1/../../../../avr/lib/avr35/crtm16u2.o
__vector_3                                        /usr/local/CrossPack-AVR-20131216/lib/gcc/avr/4.8.1/../../../../avr/lib/avr35/crtm16u2.o
__vector_4                                        /usr/local/CrossPack-AVR-20131216/lib/gcc/avr/4.8.1/../../../../avr/lib/avr35/crtm16u2.o
__vector_5                                        /usr/local/CrossPack-AVR-20131216/lib/gcc/avr/4.8.1/../../../../avr/lib/avr35/crtm16u2.o
__vector_6                                        /usr/local/CrossPack-AVR-20131216/lib/gcc/avr/4.8.1/../../../../avr/lib/avr35/crtm16u2.o
__vector_7                                        /usr/local/CrossPack-AVR-20131216/lib/gcc/avr/4.8.1/../../../../avr/lib/avr35/crtm16u2.o
__vector_8                                        /usr/local/CrossPack-AVR-20131216/lib/gcc/avr/4.8.1/../../../../avr/lib/avr35/crtm16u2.o
__vector_9                                        /usr/local/CrossPack-AVR-20131216/lib/gcc/avr/4.8.1/../../../../avr/lib/avr35/crtm16u2.o
__vector_default                                  /usr/local/CrossPack-AVR-20131216/lib/gcc/avr/4.8.1/../../../../avr/lib/avr35/crtm16u2.o
__vectors                                         /usr/local/CrossPack-AVR-20131216/lib/gcc/avr/4.8.1/../../../../avr/lib/avr35/crtm16u2.o
_exit                                             /usr/local/CrossPack-AVR-20131216/lib/gcc/avr/4.8.1/avr35/libgcc.a(_exit.o)
exit                                              /usr/local/CrossPack-AVR-20131216/lib/gcc/avr/4.8.1/avr35/libgcc.a(_exit.o)
                                                  /usr/local/CrossPack-AVR-20131216/lib/gcc/avr/4.8.1/../../../../avr/lib/avr35/crtm16u2.o
getChannelFromStatusByte                          arduino_midi.o
getStatus                                         arduino_midi.o
getTypeFromStatusByte                             arduino_midi.o
isChannelMessage                                  arduino_midi.o
mCompleteMessage                                  arduino_midi.o
mPendingMessage                                   arduino_midi.o
mPendingMessageExpectedLength                     arduino_midi.o
mPendingMessageIndex                              arduino_midi.o
mPendingMessageValid                              arduino_midi.o
mRunningStatus_RX                                 arduino_midi.o
mRunningStatus_TX                                 arduino_midi.o
main                                              arduino_midi.o
                                                  /usr/local/CrossPack-AVR-20131216/lib/gcc/avr/4.8.1/../../../../avr/lib/avr35/crtm16u2.o
rx_ticks                                          arduino_midi.o
tx_ticks                                          arduino_midi.o
